2026-09-25 20:45:06,328 - INFO - The Number of rows and columns was : (303, 14)
2026-09-25 20:45:06,328 - INFO - NUll values in the values  : age         0
sex         0
cp          0
trestbps    0
chol        0
fbs         0
restecg     0
thalach     0
exang       0
oldpeak     0
slope       0
ca          0
thal        0
target      0
dtype: int64
2026-09-25 20:45:06,341 - INFO - Training dataset size : 
 (242, 13)  => (242,)
2026-09-25 20:45:06,341 - INFO - Testing dataset size : 
 (61, 13) => (61,)
2026-09-25 20:45:06,341 - INFO - Before yeojohnson transformation columns : 
 Index(['age', 'sex', 'cp', 'trestbps', 'chol', 'fbs', 'restecg', 'thalach',
       'exang', 'oldpeak', 'slope', 'ca', 'thal'],
      dtype='str')
2026-09-25 20:45:06,341 - INFO - Before yeojohnson transformation columns : 
 Index(['age', 'sex', 'cp', 'trestbps', 'chol', 'fbs', 'restecg', 'thalach',
       'exang', 'oldpeak', 'slope', 'ca', 'thal'],
      dtype='str')
2026-09-25 20:45:06,754 - INFO - After yeojohnson transformation columns : 
 Index(['age_yeo', 'sex_yeo', 'cp_yeo', 'trestbps_yeo', 'chol_yeo', 'fbs_yeo',
       'restecg_yeo', 'thalach_yeo', 'exang_yeo', 'oldpeak_yeo', 'slope_yeo',
       'ca_yeo', 'thal_yeo'],
      dtype='str')
2026-09-25 20:45:06,754 - INFO - After yeojohnson transformation columns : 
 Index(['age_yeo', 'sex_yeo', 'cp_yeo', 'trestbps_yeo', 'chol_yeo', 'fbs_yeo',
       'restecg_yeo', 'thalach_yeo', 'exang_yeo', 'oldpeak_yeo', 'slope_yeo',
       'ca_yeo', 'thal_yeo'],
      dtype='str')
2026-09-25 20:45:06,754 - INFO - before applying trimming X_train columns : 
 Index(['age_yeo', 'sex_yeo', 'cp_yeo', 'trestbps_yeo', 'chol_yeo', 'fbs_yeo',
       'restecg_yeo', 'thalach_yeo', 'exang_yeo', 'oldpeak_yeo', 'slope_yeo',
       'ca_yeo', 'thal_yeo'],
      dtype='str')
2026-09-25 20:45:06,754 - INFO - before applying trimming X_test columns : 
 Index(['age_yeo', 'sex_yeo', 'cp_yeo', 'trestbps_yeo', 'chol_yeo', 'fbs_yeo',
       'restecg_yeo', 'thalach_yeo', 'exang_yeo', 'oldpeak_yeo', 'slope_yeo',
       'ca_yeo', 'thal_yeo'],
      dtype='str')
2026-09-25 20:45:06,800 - INFO - After applying trimming X_train columns : 
 Index(['age_yeo_trim', 'sex_yeo_trim', 'cp_yeo_trim', 'trestbps_yeo_trim',
       'chol_yeo_trim', 'fbs_yeo_trim', 'restecg_yeo_trim', 'thalach_yeo_trim',
       'exang_yeo_trim', 'oldpeak_yeo_trim', 'slope_yeo_trim', 'ca_yeo_trim',
       'thal_yeo_trim'],
      dtype='str')
2026-09-25 20:45:06,805 - INFO - After applying trimming X_test columns : 
 Index(['age_yeo_trim', 'sex_yeo_trim', 'cp_yeo_trim', 'trestbps_yeo_trim',
       'chol_yeo_trim', 'fbs_yeo_trim', 'restecg_yeo_trim', 'thalach_yeo_trim',
       'exang_yeo_trim', 'oldpeak_yeo_trim', 'slope_yeo_trim', 'ca_yeo_trim',
       'thal_yeo_trim'],
      dtype='str')
2026-09-25 20:45:06,805 - INFO - Before applying  feature selection X_train columns and shape : Index(['age_yeo_trim', 'sex_yeo_trim', 'cp_yeo_trim', 'trestbps_yeo_trim',
       'chol_yeo_trim', 'fbs_yeo_trim', 'restecg_yeo_trim', 'thalach_yeo_trim',
       'exang_yeo_trim', 'oldpeak_yeo_trim', 'slope_yeo_trim', 'ca_yeo_trim',
       'thal_yeo_trim'],
      dtype='str') : (242, 13)
2026-09-25 20:45:06,805 - INFO - Before applying feature selection  X_test columns and shape : Index(['age_yeo_trim', 'sex_yeo_trim', 'cp_yeo_trim', 'trestbps_yeo_trim',
       'chol_yeo_trim', 'fbs_yeo_trim', 'restecg_yeo_trim', 'thalach_yeo_trim',
       'exang_yeo_trim', 'oldpeak_yeo_trim', 'slope_yeo_trim', 'ca_yeo_trim',
       'thal_yeo_trim'],
      dtype='str') : (61, 13)
2026-09-25 20:45:06,850 - INFO - After applying  feature selection X_train columns and shape : Index(['age_yeo_trim', 'sex_yeo_trim', 'cp_yeo_trim', 'thalach_yeo_trim',
       'oldpeak_yeo_trim', 'slope_yeo_trim', 'thal_yeo_trim'],
      dtype='str') : (242, 7)
2026-09-25 20:45:06,850 - INFO - After applying feature selection  X_test columns and shape : Index(['age_yeo_trim', 'sex_yeo_trim', 'cp_yeo_trim', 'thalach_yeo_trim',
       'oldpeak_yeo_trim', 'slope_yeo_trim', 'thal_yeo_trim'],
      dtype='str') : (61, 7)
2026-09-25 20:45:06,850 - INFO - Before data balancing : (242,)
2026-09-25 20:45:06,850 - INFO - Number of Rows for 1 :  133
2026-09-25 20:45:06,850 - INFO - Number of Rows for 0 :  109
2026-09-25 20:45:06,919 - INFO - After data balancing : (266,)
2026-09-25 20:45:06,923 - INFO - Number of Rows for 1 :  133
2026-09-25 20:45:06,923 - INFO - Number of Rows for 0 :  133
2026-09-25 20:45:06,930 - INFO - --------------------------------Final data sets-------------------------------
2026-09-25 20:45:06,942 - INFO - ===========Final Train Data============================= : 
 : (266, 7) : 
 : RangeIndex(start=0, stop=7, step=1) : 
 :           0         1         2         3         4         5         6
0 -1.388899  0.707865  0.366947  0.524678 -1.234170  1.043097 -0.613993
1  0.329520  0.707865 -1.006075 -1.627221  0.118128  1.043097  1.173965
2 -0.984219  0.707865  1.086032 -0.213970  1.648968 -0.764539 -0.613993
3 -0.012332 -1.436139  0.366947  0.472608  0.658882 -0.764539 -0.613993
4  0.562179  0.707865 -1.006075  0.420945  0.658882  1.043097  1.173965
5  0.214609 -1.436139 -1.006075  0.369687 -1.234170  1.043097 -0.613993
6 -0.124345 -1.436139  0.366947  0.369687 -1.234170  1.043097 -0.613993
7  0.100655 -1.436139  0.366947  0.070635  0.583289 -0.764539 -0.613993
8  1.038627  0.707865  1.086032  0.318836 -1.234170  1.043097 -0.613993
9 -1.487309 -1.436139  0.366947  0.845681 -1.234170  1.043097 -0.613993 : 
 : 0    0
1    0
2    0
3    0
4    0
5    0
6    0
dtype: int64
2026-09-25 20:45:06,949 - INFO - ===========Final Test Data============================= : 
 : (61, 7) : 
 : RangeIndex(start=0, stop=7, step=1) : 
 :           0         1         2         3         4         5         6
0 -2.890232  3.923870 -1.006075 -2.405101 -0.165128 -0.918483 -1.636952
1 -2.837053  3.923870  0.695432 -1.514144 -0.782039 -0.918483  3.855903
2 -2.890232  3.923870  0.489714 -1.182347 -0.782039  0.415307  3.855903
3 -2.916736 -1.436139 -1.006075 -1.711196  0.808422 -0.918483  3.855903
4 -2.513519 -1.436139  0.489714 -2.104029 -1.234170  0.415307  1.522070
5 -2.890232  3.923870  0.489714 -1.157464  0.655549  0.415307  1.522070
6 -2.958445 -1.436139 -1.006075 -1.668500 -1.234170 -0.918483  1.522070
7 -2.916736 -1.436139 -1.006075 -2.049040  1.433568 -1.977485  3.855903
8 -2.958445  3.923870 -1.006075 -2.342450  1.256002 -0.918483  1.522070
9 -2.958445  3.923870  0.489714 -1.668500 -0.294086 -1.977485  1.522070 : 
 : 0    0
1    0
2    0
3    0
4    0
5    0
6    0
dtype: int64
2026-09-25 20:45:07,432 - INFO - Error in line no : 105 due to : StandardScaler.transform() missing 1 required positional argument: 'X'
2026-09-25 20:45:07,436 - INFO - After sample pridiction : [1]
